# SetUpPose
4.172217899999999813e-01,4.389113800000000176e-01,3.907582900000000081e-01,-6.608203799999999850e-01,2.394723199999999885e-01,6.465039599999999886e-01,2.966514199999999990e-01
4.243760599999999994e-01,4.434178200000000181e-01,4.747308299999999925e-01,-6.407535199999999653e-01,2.543819299999999783e-01,6.664947300000000352e-01,2.837420199999999837e-01
2.770591499999999763e-01,3.277253299999999814e-01,6.396222000000000296e-01,-6.498997300000000088e-01,2.741571700000000056e-01,6.419723600000000197e-01,3.005655899999999936e-01
